<?xml version="1.0" encoding="UTF-8"?>
<testsuites name="jest tests" tests="1" failures="0" errors="0" time="29.83">
  <testsuite name="undefined" errors="0" failures="0" skipped="0" timestamp="2024-03-14T04:10:33" time="9.481" tests="1">
    <testcase classname=" renders correctly" name=" renders correctly" time="2.272">
    </testcase>
  </testsuite>
</testsuites>